20:40:31 **** Incremental Build of configuration Debug for project 0_led_toggle_adr ****
make -j9 all 
arm-none-eabi-gcc "../Src/main.c" -mcpu=cortex-m4 -std=gnu11 -g3 -DDEBUG -DSTM32F303VCTx -DSTM32 -DSTM32F3 -DSTM32F3DISCOVERY -c -I../Inc -O0 -ffunction-sections -fdata-sections -Wall -fstack-usage -fcyclomatic-complexity -MMD -MP -MF"Src/main.d" -MT"Src/main.o" --specs=nano.specs -mfpu=fpv4-sp-d16 -mfloat-abi=hard -mthumb -o "Src/main.o"
arm-none-eabi-gcc -o "0_led_toggle_adr.elf" @"objects.list"   -mcpu=cortex-m4 -T"/Users/dilnozabobokalonova/Desktop/embedded/STM32F3-BareMetal_code/0_led_toggle_adr/STM32F303VCTX_FLASH.ld" --specs=nosys.specs -Wl,-Map="0_led_toggle_adr.map" -Wl,--gc-sections -static --specs=nano.specs -mfpu=fpv4-sp-d16 -mfloat-abi=hard -mthumb -Wl,--start-group -lc -lm -Wl,--end-group
Finished building target: 0_led_toggle_adr.elf
 
arm-none-eabi-size   0_led_toggle_adr.elf 
arm-none-eabi-objdump -h -S  0_led_toggle_adr.elf  > "0_led_toggle_adr.list"
   text	   data	    bss	    dec	    hex	filename
    776	      8	   1568	   2352	    930	0_led_toggle_adr.elf
Finished building: default.size.stdout
 
Finished building: 0_led_toggle_adr.list
 

20:40:31 Build Finished. 0 errors, 0 warnings. (took 391ms)

