14:00:05 **** Incremental Build of configuration Debug for project 8_uart_rx ****
make -j9 all 
arm-none-eabi-size   8_uart_rx.elf 
   text	   data	    bss	    dec	    hex	filename
   1184	      8	   1568	   2760	    ac8	8_uart_rx.elf
Finished building: default.size.stdout
 

14:00:05 Build Finished. 0 errors, 0 warnings. (took 127ms)

14:00:05 **** Incremental Build of configuration Debug for project 8_uart_rx ****
make -j9 all 
arm-none-eabi-size   8_uart_rx.elf 
   text	   data	    bss	    dec	    hex	filename
   1184	      8	   1568	   2760	    ac8	8_uart_rx.elf
Finished building: default.size.stdout
 
14:00:31 **** Clean-only build of configuration Debug for project 7_uart_modular ****
make -j9 clean 
rm -rf ./Startup/startup_stm32f303vctx.d ./Startup/startup_stm32f303vctx.o
rm -rf ./Src/main.cyclo ./Src/main.d ./Src/main.o ./Src/main.su ./Src/syscalls.cyclo ./Src/syscalls.d ./Src/syscalls.o ./Src/syscalls.su ./Src/sysmem.cyclo ./Src/sysmem.d ./Src/sysmem.o ./Src/sysmem.su ./Src/uart.cyclo ./Src/uart.d ./Src/uart.o ./Src/uart.su
rm -rf 7_uart_modular.elf 7_uart_modular.list 7_uart_modular.map default.size.stdout
 
14:00:31 **** Incremental Build of configuration Debug for project 7_uart_modular ****
make -j9 all 
arm-none-eabi-gcc -mcpu=cortex-m4 -g3 -DDEBUG -c -x assembler-with-cpp -MMD -MP -MF"Startup/startup_stm32f303vctx.d" -MT"Startup/startup_stm32f303vctx.o" --specs=nano.specs -mfpu=fpv4-sp-d16 -mfloat-abi=hard -mthumb -o "Startup/startup_stm32f303vctx.o" "../Startup/startup_stm32f303vctx.s"
arm-none-eabi-gcc "../Src/main.c" -mcpu=cortex-m4 -std=gnu11 -g3 -DDEBUG -DSTM32F303VCTx -DSTM32 -DSTM32F3 -DSTM32F3DISCOVERY -DSTM32F303xC -c -I../Inc -I/Users/dilnozabobokalonova/Desktop/embedded/STM32F3-BareMetal_code/chip_headers/CMSIS/Device/ST/STM32F3xx/Include -I/Users/dilnozabobokalonova/Desktop/embedded/STM32F3-BareMetal_code/chip_headers/CMSIS/Include -O0 -ffunction-sections -fdata-sections -Wall -fstack-usage -fcyclomatic-complexity -MMD -MP -MF"Src/main.d" -MT"Src/main.o" --specs=nano.specs -mfpu=fpv4-sp-d16 -mfloat-abi=hard -mthumb -o "Src/main.o"
arm-none-eabi-gcc "../Src/syscalls.c" -mcpu=cortex-m4 -std=gnu11 -g3 -DDEBUG -DSTM32F303VCTx -DSTM32 -DSTM32F3 -DSTM32F3DISCOVERY -DSTM32F303xC -c -I../Inc -I/Users/dilnozabobokalonova/Desktop/embedded/STM32F3-BareMetal_code/chip_headers/CMSIS/Device/ST/STM32F3xx/Include -I/Users/dilnozabobokalonova/Desktop/embedded/STM32F3-BareMetal_code/chip_headers/CMSIS/Include -O0 -ffunction-sections -fdata-sections -Wall -fstack-usage -fcyclomatic-complexity -MMD -MP -MF"Src/syscalls.d" -MT"Src/syscalls.o" --specs=nano.specs -mfpu=fpv4-sp-d16 -mfloat-abi=hard -mthumb -o "Src/syscalls.o"
arm-none-eabi-gcc "../Src/sysmem.c" -mcpu=cortex-m4 -std=gnu11 -g3 -DDEBUG -DSTM32F303VCTx -DSTM32 -DSTM32F3 -DSTM32F3DISCOVERY -DSTM32F303xC -c -I../Inc -I/Users/dilnozabobokalonova/Desktop/embedded/STM32F3-BareMetal_code/chip_headers/CMSIS/Device/ST/STM32F3xx/Include -I/Users/dilnozabobokalonova/Desktop/embedded/STM32F3-BareMetal_code/chip_headers/CMSIS/Include -O0 -ffunction-sections -fdata-sections -Wall -fstack-usage -fcyclomatic-complexity -MMD -MP -MF"Src/sysmem.d" -MT"Src/sysmem.o" --specs=nano.specs -mfpu=fpv4-sp-d16 -mfloat-abi=hard -mthumb -o "Src/sysmem.o"
arm-none-eabi-gcc "../Src/uart.c" -mcpu=cortex-m4 -std=gnu11 -g3 -DDEBUG -DSTM32F303VCTx -DSTM32 -DSTM32F3 -DSTM32F3DISCOVERY -DSTM32F303xC -c -I../Inc -I/Users/dilnozabobokalonova/Desktop/embedded/STM32F3-BareMetal_code/chip_headers/CMSIS/Device/ST/STM32F3xx/Include -I/Users/dilnozabobokalonova/Desktop/embedded/STM32F3-BareMetal_code/chip_headers/CMSIS/Include -O0 -ffunction-sections -fdata-sections -Wall -fstack-usage -fcyclomatic-complexity -MMD -MP -MF"Src/uart.d" -MT"Src/uart.o" --specs=nano.specs -mfpu=fpv4-sp-d16 -mfloat-abi=hard -mthumb -o "Src/uart.o"
Error: Cannot find the specified linker script. Check the linker settings in the build configuration.
make: *** [makefile:86: fail-specified-linker-script-missing] Error 2
make: *** Waiting for unfinished jobs....
"make -j9 all" terminated with exit code 2. Build might be incomplete.
14:00:58 **** Incremental Build of configuration Debug for project 8_uart_rx ****
make -j9 all 
arm-none-eabi-size   8_uart_rx.elf 
   text	   data	    bss	    dec	    hex	filename
   1184	      8	   1568	   2760	    ac8	8_uart_rx.elf
Finished building: default.size.stdout
 
14:03:19 **** Incremental Build of configuration Debug for project 8_uart_rx ****
make -j9 all 
arm-none-eabi-gcc "../Src/main.c" -mcpu=cortex-m4 -std=gnu11 -g3 -DDEBUG -DSTM32F303VCTx -DSTM32 -DSTM32F3 -DSTM32F3DISCOVERY -DSTM32F303xC -c -I../Inc -I/Users/dilnozabobokalonova/Desktop/embedded/STM32F3-BareMetal_code/chip_headers/CMSIS/Device/ST/STM32F3xx/Include -I/Users/dilnozabobokalonova/Desktop/embedded/STM32F3-BareMetal_code/chip_headers/CMSIS/Include -O0 -ffunction-sections -fdata-sections -Wall -fstack-usage -fcyclomatic-complexity -MMD -MP -MF"Src/main.d" -MT"Src/main.o" --specs=nano.specs -mfpu=fpv4-sp-d16 -mfloat-abi=hard -mthumb -o "Src/main.o"
arm-none-eabi-gcc -o "8_uart_rx.elf" @"objects.list"   -mcpu=cortex-m4 -T"/Users/dilnozabobokalonova/Desktop/embedded/STM32F3-BareMetal_code/8_uart_rx/STM32F303VCTX_FLASH.ld" --specs=nosys.specs -Wl,-Map="8_uart_rx.map" -Wl,--gc-sections -static --specs=nano.specs -mfpu=fpv4-sp-d16 -mfloat-abi=hard -mthumb -Wl,--start-group -lc -lm -Wl,--end-group
Finished building target: 8_uart_rx.elf
 
arm-none-eabi-size   8_uart_rx.elf 
arm-none-eabi-objdump -h -S  8_uart_rx.elf  > "8_uart_rx.list"
   text	   data	    bss	    dec	    hex	filename
   1184	      8	   1568	   2760	    ac8	8_uart_rx.elf
Finished building: default.size.stdout
 
Finished building: 8_uart_rx.list
 
14:03:52 **** Incremental Build of configuration Debug for project 8_uart_rx ****
make -j9 all 
arm-none-eabi-size   8_uart_rx.elf 
   text	   data	    bss	    dec	    hex	filename
   1184	      8	   1568	   2760	    ac8	8_uart_rx.elf
Finished building: default.size.stdout
 
14:04:40 **** Incremental Build of configuration Debug for project 8_uart_rx ****
make -j9 all 
arm-none-eabi-size   8_uart_rx.elf 
   text	   data	    bss	    dec	    hex	filename
   1184	      8	   1568	   2760	    ac8	8_uart_rx.elf
Finished building: default.size.stdout
 
14:06:12 **** Incremental Build of configuration Debug for project 8_uart_rx ****
make -j9 all 
arm-none-eabi-gcc "../Src/main.c" -mcpu=cortex-m4 -std=gnu11 -g3 -DDEBUG -DSTM32F303VCTx -DSTM32 -DSTM32F3 -DSTM32F3DISCOVERY -DSTM32F303xC -c -I../Inc -I/Users/dilnozabobokalonova/Desktop/embedded/STM32F3-BareMetal_code/chip_headers/CMSIS/Device/ST/STM32F3xx/Include -I/Users/dilnozabobokalonova/Desktop/embedded/STM32F3-BareMetal_code/chip_headers/CMSIS/Include -O0 -ffunction-sections -fdata-sections -Wall -fstack-usage -fcyclomatic-complexity -MMD -MP -MF"Src/main.d" -MT"Src/main.o" --specs=nano.specs -mfpu=fpv4-sp-d16 -mfloat-abi=hard -mthumb -o "Src/main.o"
../Src/main.c: In function 'main':
../Src/main.c:35:28: error: empty character constant
   35 |                 char key = '';
      |                            ^~
make: *** [Src/subdir.mk:28: Src/main.o] Error 1
"make -j9 all" terminated with exit code 2. Build might be incomplete.
14:06:47 **** Incremental Build of configuration Debug for project 8_uart_rx ****
make -j9 all 
arm-none-eabi-gcc "../Src/main.c" -mcpu=cortex-m4 -std=gnu11 -g3 -DDEBUG -DSTM32F303VCTx -DSTM32 -DSTM32F3 -DSTM32F3DISCOVERY -DSTM32F303xC -c -I../Inc -I/Users/dilnozabobokalonova/Desktop/embedded/STM32F3-BareMetal_code/chip_headers/CMSIS/Device/ST/STM32F3xx/Include -I/Users/dilnozabobokalonova/Desktop/embedded/STM32F3-BareMetal_code/chip_headers/CMSIS/Include -O0 -ffunction-sections -fdata-sections -Wall -fstack-usage -fcyclomatic-complexity -MMD -MP -MF"Src/main.d" -MT"Src/main.o" --specs=nano.specs -mfpu=fpv4-sp-d16 -mfloat-abi=hard -mthumb -o "Src/main.o"
arm-none-eabi-gcc -o "8_uart_rx.elf" @"objects.list"   -mcpu=cortex-m4 -T"/Users/dilnozabobokalonova/Desktop/embedded/STM32F3-BareMetal_code/8_uart_rx/STM32F303VCTX_FLASH.ld" --specs=nosys.specs -Wl,-Map="8_uart_rx.map" -Wl,--gc-sections -static --specs=nano.specs -mfpu=fpv4-sp-d16 -mfloat-abi=hard -mthumb -Wl,--start-group -lc -lm -Wl,--end-group
Finished building target: 8_uart_rx.elf
 
arm-none-eabi-size   8_uart_rx.elf 
arm-none-eabi-objdump -h -S  8_uart_rx.elf  > "8_uart_rx.list"
   text	   data	    bss	    dec	    hex	filename
   1180	      8	   1568	   2756	    ac4	8_uart_rx.elf
Finished building: default.size.stdout
 
Finished building: 8_uart_rx.list
 
14:06:51 **** Incremental Build of configuration Debug for project 8_uart_rx ****
make -j9 all 
arm-none-eabi-size   8_uart_rx.elf 
   text	   data	    bss	    dec	    hex	filename
   1180	      8	   1568	   2756	    ac4	8_uart_rx.elf
Finished building: default.size.stdout
 
14:08:37 **** Incremental Build of configuration Debug for project 8_uart_rx ****
make -j9 all 
arm-none-eabi-gcc "../Src/main.c" -mcpu=cortex-m4 -std=gnu11 -g3 -DDEBUG -DSTM32F303VCTx -DSTM32 -DSTM32F3 -DSTM32F3DISCOVERY -DSTM32F303xC -c -I../Inc -I/Users/dilnozabobokalonova/Desktop/embedded/STM32F3-BareMetal_code/chip_headers/CMSIS/Device/ST/STM32F3xx/Include -I/Users/dilnozabobokalonova/Desktop/embedded/STM32F3-BareMetal_code/chip_headers/CMSIS/Include -O0 -ffunction-sections -fdata-sections -Wall -fstack-usage -fcyclomatic-complexity -MMD -MP -MF"Src/main.d" -MT"Src/main.o" --specs=nano.specs -mfpu=fpv4-sp-d16 -mfloat-abi=hard -mthumb -o "Src/main.o"
../Src/main.c: In function 'main':
../Src/main.c:38:24: warning: passing argument 1 of 'printf' makes pointer from integer without a cast [-Wint-conversion]
   38 |                 printf(key);
      |                        ^~~
      |                        |
      |                        char
In file included from ../Src/main.c:1:
/Applications/STM32CubeIDE.app/Contents/Eclipse/plugins/com.st.stm32cube.ide.mcu.externaltools.gnu-tools-for-stm32.11.3.rel1.macos64_1.1.1.202309131626/tools/arm-none-eabi/include/stdio.h:210:17: note: expected 'const char * restrict' but argument is of type 'char'
  210 | int     printf (const char *__restrict, ...)
      |                 ^
arm-none-eabi-gcc -o "8_uart_rx.elf" @"objects.list"   -mcpu=cortex-m4 -T"/Users/dilnozabobokalonova/Desktop/embedded/STM32F3-BareMetal_code/8_uart_rx/STM32F303VCTX_FLASH.ld" --specs=nosys.specs -Wl,-Map="8_uart_rx.map" -Wl,--gc-sections -static --specs=nano.specs -mfpu=fpv4-sp-d16 -mfloat-abi=hard -mthumb -Wl,--start-group -lc -lm -Wl,--end-group
Finished building target: 8_uart_rx.elf
 
arm-none-eabi-size   8_uart_rx.elf 
arm-none-eabi-objdump -h -S  8_uart_rx.elf  > "8_uart_rx.list"
   text	   data	    bss	    dec	    hex	filename
   5460	    100	   1900	   7460	   1d24	8_uart_rx.elf
Finished building: default.size.stdout
 
Finished building: 8_uart_rx.list
 
14:09:14 **** Incremental Build of configuration Debug for project 8_uart_rx ****
make -j9 all 
arm-none-eabi-size   8_uart_rx.elf 
   text	   data	    bss	    dec	    hex	filename
   5460	    100	   1900	   7460	   1d24	8_uart_rx.elf
Finished building: default.size.stdout
 
14:10:35 **** Incremental Build of configuration Debug for project 8_uart_rx ****
make -j9 all 
arm-none-eabi-gcc "../Src/main.c" -mcpu=cortex-m4 -std=gnu11 -g3 -DDEBUG -DSTM32F303VCTx -DSTM32 -DSTM32F3 -DSTM32F3DISCOVERY -DSTM32F303xC -c -I../Inc -I/Users/dilnozabobokalonova/Desktop/embedded/STM32F3-BareMetal_code/chip_headers/CMSIS/Device/ST/STM32F3xx/Include -I/Users/dilnozabobokalonova/Desktop/embedded/STM32F3-BareMetal_code/chip_headers/CMSIS/Include -O0 -ffunction-sections -fdata-sections -Wall -fstack-usage -fcyclomatic-complexity -MMD -MP -MF"Src/main.d" -MT"Src/main.o" --specs=nano.specs -mfpu=fpv4-sp-d16 -mfloat-abi=hard -mthumb -o "Src/main.o"
../Src/main.c: In function 'main':
../Src/main.c:37:24: warning: passing argument 1 of 'printf' makes pointer from integer without a cast [-Wint-conversion]
   37 |                 printf(key);
      |                        ^~~
      |                        |
      |                        char
In file included from ../Src/main.c:1:
/Applications/STM32CubeIDE.app/Contents/Eclipse/plugins/com.st.stm32cube.ide.mcu.externaltools.gnu-tools-for-stm32.11.3.rel1.macos64_1.1.1.202309131626/tools/arm-none-eabi/include/stdio.h:210:17: note: expected 'const char * restrict' but argument is of type 'char'
  210 | int     printf (const char *__restrict, ...)
      |                 ^
../Src/main.c:38:28: warning: multi-character character constant [-Wmultichar]
   38 |                 if (key == 'à') {
      |                            ^~~
arm-none-eabi-gcc -o "8_uart_rx.elf" @"objects.list"   -mcpu=cortex-m4 -T"/Users/dilnozabobokalonova/Desktop/embedded/STM32F3-BareMetal_code/8_uart_rx/STM32F303VCTX_FLASH.ld" --specs=nosys.specs -Wl,-Map="8_uart_rx.map" -Wl,--gc-sections -static --specs=nano.specs -mfpu=fpv4-sp-d16 -mfloat-abi=hard -mthumb -Wl,--start-group -lc -lm -Wl,--end-group
Finished building target: 8_uart_rx.elf
 
arm-none-eabi-size   8_uart_rx.elf 
arm-none-eabi-objdump -h -S  8_uart_rx.elf  > "8_uart_rx.list"
   text	   data	    bss	    dec	    hex	filename
   5432	    100	   1908	   7440	   1d10	8_uart_rx.elf
Finished building: default.size.stdout
 
Finished building: 8_uart_rx.list
 
14:11:30 **** Incremental Build of configuration Debug for project 8_uart_rx ****
make -j9 all 
arm-none-eabi-gcc "../Src/main.c" -mcpu=cortex-m4 -std=gnu11 -g3 -DDEBUG -DSTM32F303VCTx -DSTM32 -DSTM32F3 -DSTM32F3DISCOVERY -DSTM32F303xC -c -I../Inc -I/Users/dilnozabobokalonova/Desktop/embedded/STM32F3-BareMetal_code/chip_headers/CMSIS/Device/ST/STM32F3xx/Include -I/Users/dilnozabobokalonova/Desktop/embedded/STM32F3-BareMetal_code/chip_headers/CMSIS/Include -O0 -ffunction-sections -fdata-sections -Wall -fstack-usage -fcyclomatic-complexity -MMD -MP -MF"Src/main.d" -MT"Src/main.o" --specs=nano.specs -mfpu=fpv4-sp-d16 -mfloat-abi=hard -mthumb -o "Src/main.o"
../Src/main.c: In function 'main':
../Src/main.c:37:24: warning: passing argument 1 of 'printf' makes pointer from integer without a cast [-Wint-conversion]
   37 |                 printf(key);
      |                        ^~~
      |                        |
      |                        char
In file included from ../Src/main.c:1:
/Applications/STM32CubeIDE.app/Contents/Eclipse/plugins/com.st.stm32cube.ide.mcu.externaltools.gnu-tools-for-stm32.11.3.rel1.macos64_1.1.1.202309131626/tools/arm-none-eabi/include/stdio.h:210:17: note: expected 'const char * restrict' but argument is of type 'char'
  210 | int     printf (const char *__restrict, ...)
      |                 ^
../Src/main.c:38:28: warning: multi-character character constant [-Wmultichar]
   38 |                 if (key == 'à') {
      |                            ^~~
arm-none-eabi-gcc -o "8_uart_rx.elf" @"objects.list"   -mcpu=cortex-m4 -T"/Users/dilnozabobokalonova/Desktop/embedded/STM32F3-BareMetal_code/8_uart_rx/STM32F303VCTX_FLASH.ld" --specs=nosys.specs -Wl,-Map="8_uart_rx.map" -Wl,--gc-sections -static --specs=nano.specs -mfpu=fpv4-sp-d16 -mfloat-abi=hard -mthumb -Wl,--start-group -lc -lm -Wl,--end-group
Finished building target: 8_uart_rx.elf
 
arm-none-eabi-size   8_uart_rx.elf 
arm-none-eabi-objdump -h -S  8_uart_rx.elf  > "8_uart_rx.list"
   text	   data	    bss	    dec	    hex	filename
   5432	    100	   1908	   7440	   1d10	8_uart_rx.elf
Finished building: default.size.stdout
 
Finished building: 8_uart_rx.list
 
14:12:43 **** Incremental Build of configuration Debug for project 8_uart_rx ****
make -j9 all 
arm-none-eabi-gcc "../Src/main.c" -mcpu=cortex-m4 -std=gnu11 -g3 -DDEBUG -DSTM32F303VCTx -DSTM32 -DSTM32F3 -DSTM32F3DISCOVERY -DSTM32F303xC -c -I../Inc -I/Users/dilnozabobokalonova/Desktop/embedded/STM32F3-BareMetal_code/chip_headers/CMSIS/Device/ST/STM32F3xx/Include -I/Users/dilnozabobokalonova/Desktop/embedded/STM32F3-BareMetal_code/chip_headers/CMSIS/Include -O0 -ffunction-sections -fdata-sections -Wall -fstack-usage -fcyclomatic-complexity -MMD -MP -MF"Src/main.d" -MT"Src/main.o" --specs=nano.specs -mfpu=fpv4-sp-d16 -mfloat-abi=hard -mthumb -o "Src/main.o"
arm-none-eabi-gcc -o "8_uart_rx.elf" @"objects.list"   -mcpu=cortex-m4 -T"/Users/dilnozabobokalonova/Desktop/embedded/STM32F3-BareMetal_code/8_uart_rx/STM32F303VCTX_FLASH.ld" --specs=nosys.specs -Wl,-Map="8_uart_rx.map" -Wl,--gc-sections -static --specs=nano.specs -mfpu=fpv4-sp-d16 -mfloat-abi=hard -mthumb -Wl,--start-group -lc -lm -Wl,--end-group
Finished building target: 8_uart_rx.elf
 
arm-none-eabi-size   8_uart_rx.elf 
arm-none-eabi-objdump -h -S  8_uart_rx.elf  > "8_uart_rx.list"
   text	   data	    bss	    dec	    hex	filename
   1184	      8	   1568	   2760	    ac8	8_uart_rx.elf
Finished building: default.size.stdout
 
Finished building: 8_uart_rx.list
 
